vite v7.3.6 building client environment for production...
transforming...
✓ 133 modules transformed.
rendering chunks...
computing gzip size...
../../../../../../tmp/edunex-admin-subscription-build/index.html                                  1.66 kB │ gzip:   0.81 kB
../../../../../../tmp/edunex-admin-subscription-build/assets/ProfilePage-CV7YYS0j.css             0.12 kB │ gzip:   0.12 kB
../../../../../../tmp/edunex-admin-subscription-build/assets/PaymentPage-hHRfOJGu.css             2.28 kB │ gzip:   0.78 kB
../../../../../../tmp/edunex-admin-subscription-build/assets/LegalLayout-0vZByguF.css             9.54 kB │ gzip:   2.43 kB
../../../../../../tmp/edunex-admin-subscription-build/assets/VideosPage-B1iAupy-.css             12.18 kB │ gzip:   3.14 kB
../../../../../../tmp/edunex-admin-subscription-build/assets/AdOfferPage-Duo1mNtK.css            12.79 kB │ gzip:   3.47 kB
../../../../../../tmp/edunex-admin-subscription-build/assets/AdminApp-BxgtSiFt.css              218.45 kB │ gzip:  34.09 kB
../../../../../../tmp/edunex-admin-subscription-build/assets/index-DHew17cT.css                 268.14 kB │ gzip:  42.78 kB
../../../../../../tmp/edunex-admin-subscription-build/assets/hlsRuntime-D8a5we8_.js               0.17 kB │ gzip:   0.17 kB
../../../../../../tmp/edunex-admin-subscription-build/assets/useEduNexRuntimeReady-SSVk-h1Z.js    0.34 kB │ gzip:   0.22 kB
../../../../../../tmp/edunex-admin-subscription-build/assets/courseDescription-D74W-Y_P.js        0.57 kB │ gzip:   0.30 kB
../../../../../../tmp/edunex-admin-subscription-build/assets/courseNavigation-CoAkrVK4.js         0.60 kB │ gzip:   0.32 kB
../../../../../../tmp/edunex-admin-subscription-build/assets/RedirectPage-DGMI3omc.js             0.95 kB │ gzip:   0.51 kB
../../../../../../tmp/edunex-admin-subscription-build/assets/authNavigation-PqCgKxA8.js           1.25 kB │ gzip:   0.62 kB
../../../../../../tmp/edunex-admin-subscription-build/assets/ContactPage-DWFey-BP.js              1.62 kB │ gzip:   0.69 kB
../../../../../../tmp/edunex-admin-subscription-build/assets/razorpayCheckout-CXgfSe7g.js         1.71 kB │ gzip:   0.96 kB
../../../../../../tmp/edunex-admin-subscription-build/assets/AboutPage-Co4rRUss.js                2.45 kB │ gzip:   1.04 kB
../../../../../../tmp/edunex-admin-subscription-build/assets/useLearningProgress-D7xPMGcW.js      2.68 kB │ gzip:   1.29 kB
../../../../../../tmp/edunex-admin-subscription-build/assets/PricingPage-B9JEVyFr.js              2.71 kB │ gzip:   1.07 kB
../../../../../../tmp/edunex-admin-subscription-build/assets/HelpPage-CiQdr-AY.js                 2.96 kB │ gzip:   1.25 kB
../../../../../../tmp/edunex-admin-subscription-build/assets/DeleteAccountPage-DZx4Ll6c.js        3.92 kB │ gzip:   1.69 kB
../../../../../../tmp/edunex-admin-subscription-build/assets/LegalLayout-BZlT2qVo.js              4.50 kB │ gzip:   1.65 kB
../../../../../../tmp/edunex-admin-subscription-build/assets/usePageStyle-CF8JLmIT.js             7.51 kB │ gzip:   3.07 kB
../../../../../../tmp/edunex-admin-subscription-build/assets/WishlistPage-Cz6eaMAv.js            14.12 kB │ gzip:   4.12 kB
../../../../../../tmp/edunex-admin-subscription-build/assets/CertificatesPage-6_DcbRCY.js        15.45 kB │ gzip:   4.34 kB
../../../../../../tmp/edunex-admin-subscription-build/assets/AiTutorPage-DA7jUWqO.js             16.42 kB │ gzip:   5.93 kB
../../../../../../tmp/edunex-admin-subscription-build/assets/CourseDetailsPage-BA_lyElE.js       16.44 kB │ gzip:   5.18 kB
../../../../../../tmp/edunex-admin-subscription-build/assets/AdOfferPage-CkLdU9eg.js             18.07 kB │ gzip:   6.49 kB
../../../../../../tmp/edunex-admin-subscription-build/assets/EditProfilePage-CDONP4vT.js         20.39 kB │ gzip:   5.79 kB
../../../../../../tmp/edunex-admin-subscription-build/assets/LoginPage-CH7BPhuS.js               20.63 kB │ gzip:   6.30 kB
../../../../../../tmp/edunex-admin-subscription-build/assets/LegalPage-DD1ZaZzC.js               20.74 kB │ gzip:   6.42 kB
../../../../../../tmp/edunex-admin-subscription-build/assets/CoursesPage-BDqtcvLE.js             28.59 kB │ gzip:   7.82 kB
../../../../../../tmp/edunex-admin-subscription-build/assets/PaymentPage-oxA3e_Fi.js             29.06 kB │ gzip:   7.21 kB
../../../../../../tmp/edunex-admin-subscription-build/assets/ProfilePage-CjV3TpxW.js             30.77 kB │ gzip:   7.90 kB
../../../../../../tmp/edunex-admin-subscription-build/assets/DashboardPage-pMLSZNBA.js           34.41 kB │ gzip:   9.53 kB
../../../../../../tmp/edunex-admin-subscription-build/assets/SignupPage-B80gs42l.js              39.30 kB │ gzip:  10.52 kB
../../../../../../tmp/edunex-admin-subscription-build/assets/HomePage-C_h2heXF.js                67.44 kB │ gzip:  16.79 kB
../../../../../../tmp/edunex-admin-subscription-build/assets/VideosPage-Dfp7m8Hz.js             120.16 kB │ gzip:  32.95 kB
../../../../../../tmp/edunex-admin-subscription-build/assets/AdminApp-1x42JNV6.js               160.41 kB │ gzip:  44.21 kB
../../../../../../tmp/edunex-admin-subscription-build/assets/index-DavvD6UL.js                  349.24 kB │ gzip: 100.36 kB
../../../../../../tmp/edunex-admin-subscription-build/assets/hls-BOLXTnjL.js                    592.43 kB │ gzip: 185.41 kB

(!) Some chunks are larger than 500 kB after minification. Consider:
- Using dynamic import() to code-split the application
- Use build.rollupOptions.output.manualChunks to improve chunking: https://rollupjs.org/configuration-options/#output-manualchunks
- Adjust chunk size limit for this warning via build.chunkSizeWarningLimit.
✓ built in 3.96s
