vite v7.3.6 building client environment for production...
transforming...
✓ 133 modules transformed.
rendering chunks...
computing gzip size...
../../../../../../tmp/edunex-audit-public-build/index.html                                  1.66 kB │ gzip:   0.81 kB
../../../../../../tmp/edunex-audit-public-build/assets/ProfilePage-CV7YYS0j.css             0.12 kB │ gzip:   0.12 kB
../../../../../../tmp/edunex-audit-public-build/assets/PaymentPage-hHRfOJGu.css             2.28 kB │ gzip:   0.78 kB
../../../../../../tmp/edunex-audit-public-build/assets/LegalLayout-0vZByguF.css             9.54 kB │ gzip:   2.43 kB
../../../../../../tmp/edunex-audit-public-build/assets/VideosPage-B1iAupy-.css             12.18 kB │ gzip:   3.14 kB
../../../../../../tmp/edunex-audit-public-build/assets/AdOfferPage-Duo1mNtK.css            12.79 kB │ gzip:   3.47 kB
../../../../../../tmp/edunex-audit-public-build/assets/AdminApp-BxgtSiFt.css              218.45 kB │ gzip:  34.09 kB
../../../../../../tmp/edunex-audit-public-build/assets/index-DHew17cT.css                 268.14 kB │ gzip:  42.78 kB
../../../../../../tmp/edunex-audit-public-build/assets/hlsRuntime-Do_ptNn2.js               0.17 kB │ gzip:   0.17 kB
../../../../../../tmp/edunex-audit-public-build/assets/useEduNexRuntimeReady-DB4oz_Cv.js    0.34 kB │ gzip:   0.21 kB
../../../../../../tmp/edunex-audit-public-build/assets/courseDescription-D74W-Y_P.js        0.57 kB │ gzip:   0.30 kB
../../../../../../tmp/edunex-audit-public-build/assets/courseNavigation-DXiS3Wjq.js         0.60 kB │ gzip:   0.32 kB
../../../../../../tmp/edunex-audit-public-build/assets/RedirectPage-D4dvrEyW.js             0.95 kB │ gzip:   0.51 kB
../../../../../../tmp/edunex-audit-public-build/assets/authNavigation-PqCgKxA8.js           1.25 kB │ gzip:   0.62 kB
../../../../../../tmp/edunex-audit-public-build/assets/ContactPage-CY3gY8R-.js              1.62 kB │ gzip:   0.69 kB
../../../../../../tmp/edunex-audit-public-build/assets/razorpayCheckout-CXgfSe7g.js         1.71 kB │ gzip:   0.96 kB
../../../../../../tmp/edunex-audit-public-build/assets/AboutPage-BiOYEzl-.js                2.45 kB │ gzip:   1.04 kB
../../../../../../tmp/edunex-audit-public-build/assets/useLearningProgress-Cnr8c7DP.js      2.68 kB │ gzip:   1.29 kB
../../../../../../tmp/edunex-audit-public-build/assets/PricingPage-D__zJnNb.js              2.71 kB │ gzip:   1.06 kB
../../../../../../tmp/edunex-audit-public-build/assets/HelpPage-DcN-BYNB.js                 2.96 kB │ gzip:   1.24 kB
../../../../../../tmp/edunex-audit-public-build/assets/DeleteAccountPage-x5zySU8_.js        3.92 kB │ gzip:   1.69 kB
../../../../../../tmp/edunex-audit-public-build/assets/LegalLayout-BRs3_Hq4.js              4.50 kB │ gzip:   1.65 kB
../../../../../../tmp/edunex-audit-public-build/assets/usePageStyle-CzFcdJvq.js             7.51 kB │ gzip:   3.07 kB
../../../../../../tmp/edunex-audit-public-build/assets/WishlistPage-D8hpNOVs.js            14.12 kB │ gzip:   4.11 kB
../../../../../../tmp/edunex-audit-public-build/assets/CertificatesPage-B8si0BO7.js        15.45 kB │ gzip:   4.34 kB
../../../../../../tmp/edunex-audit-public-build/assets/AiTutorPage-DwdrhfqL.js             16.42 kB │ gzip:   5.93 kB
../../../../../../tmp/edunex-audit-public-build/assets/CourseDetailsPage-DKyMeSHH.js       16.44 kB │ gzip:   5.18 kB
../../../../../../tmp/edunex-audit-public-build/assets/AdOfferPage-CDWd8crr.js             18.07 kB │ gzip:   6.49 kB
../../../../../../tmp/edunex-audit-public-build/assets/EditProfilePage-CAsJ5S-L.js         20.39 kB │ gzip:   5.79 kB
../../../../../../tmp/edunex-audit-public-build/assets/LoginPage-DLpTy-ZC.js               20.63 kB │ gzip:   6.30 kB
../../../../../../tmp/edunex-audit-public-build/assets/LegalPage-q2dx6vBN.js               20.74 kB │ gzip:   6.42 kB
../../../../../../tmp/edunex-audit-public-build/assets/CoursesPage-kmCg1Fm6.js             28.59 kB │ gzip:   7.82 kB
../../../../../../tmp/edunex-audit-public-build/assets/PaymentPage-D3pTK4wE.js             29.06 kB │ gzip:   7.21 kB
../../../../../../tmp/edunex-audit-public-build/assets/ProfilePage-BKZeYHg4.js             30.77 kB │ gzip:   7.90 kB
../../../../../../tmp/edunex-audit-public-build/assets/DashboardPage-ob0y7Ufd.js           34.41 kB │ gzip:   9.52 kB
../../../../../../tmp/edunex-audit-public-build/assets/SignupPage-B4cVZgYx.js              39.30 kB │ gzip:  10.52 kB
../../../../../../tmp/edunex-audit-public-build/assets/HomePage-DrEr9Kpr.js                67.44 kB │ gzip:  16.79 kB
../../../../../../tmp/edunex-audit-public-build/assets/VideosPage-j4JfpzF2.js             120.16 kB │ gzip:  32.95 kB
../../../../../../tmp/edunex-audit-public-build/assets/AdminApp-DWniFGoF.js               156.41 kB │ gzip:  43.38 kB
../../../../../../tmp/edunex-audit-public-build/assets/index-tGgikFmS.js                  347.85 kB │ gzip: 100.06 kB
../../../../../../tmp/edunex-audit-public-build/assets/hls-BOLXTnjL.js                    592.43 kB │ gzip: 185.41 kB

(!) Some chunks are larger than 500 kB after minification. Consider:
- Using dynamic import() to code-split the application
- Use build.rollupOptions.output.manualChunks to improve chunking: https://rollupjs.org/configuration-options/#output-manualchunks
- Adjust chunk size limit for this warning via build.chunkSizeWarningLimit.
✓ built in 2.00s
